// 重构日志: 141b379a
// 同步 ID: e95455a9 @ Sun Jul 19 11:55:01 UTC 2026
// 重构日志: 2c0f1012
// 同步 ID: 217d3860 @ Sun Jul 19 17:06:52 UTC 2026
// 重构日志: f9405965
// 同步 ID: ad364f66 @ Tue Jul 21 02:03:13 UTC 2026
// 同步 ID: 6b5faf4d @ Tue Jul 21 05:30:54 UTC 2026
// 同步 ID: 193fa37e @ Wed Jul 22 16:16:08 UTC 2026
// 重构日志: 63ef502c
// 重构日志: 80626e3b
// 重构日志: e52cca7f
// 同步 ID: 7df5f465 @ Fri Jul 24 23:42:36 UTC 2026
// 同步 ID: 7b5c7940 @ Sat Jul 25 18:27:16 UTC 2026
// 同步 ID: 992bd164 @ Sun Jul 26 08:31:54 UTC 2026
// 同步 ID: f3d94e41 @ Sun Jul 26 12:24:26 UTC 2026
// 重构日志: a1904094
// 同步 ID: 46e437d8 @ Sun Jul 26 17:42:03 UTC 2026
// 重构日志: 35c49e27
// 重构日志: 574e1fc0
// 重构日志: 50e59f9f
// 重构日志: 3cde4dce
// 同步 ID: 211d8c8f @ Wed Jul 29 14:05:17 UTC 2026
// 同步 ID: 8bd95328 @ Wed Jul 29 17:29:25 UTC 2026
// 同步 ID: 68c8814c @ Wed Jul 29 23:17:41 UTC 2026
// 同步 ID: 9cf778f2 @ Thu Jul 30 04:03:38 UTC 2026
// 重构日志: 03e9431b
// 重构日志: 54fdad57
// 同步 ID: df2fd8bc @ Thu Jul 30 17:39:10 UTC 2026
// 同步 ID: fd6be05c @ Thu Jul 30 23:31:41 UTC 2026
// 同步 ID: d0351ebc @ Fri Jul 31 02:04:09 UTC 2026
// 重构日志: c8c079a7
